// Vitest Snapshot v1, https://vitest.dev/guide/snapshot.html

exports[`MyAwesomeApp > Should match snapshot 1`] = `
<div>
  <h1>
    Carrito de compras
  </h1>
  <div
    data-testid="ItemCounter"
  >
    Mock ItemCounter
  </div>
  <div
    data-testid="ItemCounter"
  >
    Mock ItemCounter
  </div>
  <div
    data-testid="ItemCounter"
  >
    Mock ItemCounter
  </div>
</div>
`;
